// Jest Snapshot v1, https://goo.gl/fbAQLP

exports[`Forecast Summaries renders the correct amount of ForecastSummary components 1`] = `
<DocumentFragment>
  <div
    class="forecast-summaries"
  >
    <div
      class="forecast-summary"
    >
      <span
        class="date"
        data-testid="date-id"
      >
        1525046400000
      </span>
      <span
        class="icon"
        data-testid="icon-id"
      >
        800
      </span>
      <span
        class="max-temperature"
        data-testid="temperature-id"
      >
        11
      </span>
      <span
        class="description"
        data-testid="description-id"
      >
        Clear
      </span>
    </div>
    <div
      class="forecast-summary"
    >
      <span
        class="date"
        data-testid="date-id"
      >
        1525046400022
      </span>
      <span
        class="icon"
        data-testid="icon-id"
      >
        900
      </span>
      <span
        class="max-temperature"
        data-testid="temperature-id"
      >
        25
      </span>
      <span
        class="description"
        data-testid="description-id"
      >
        Foggy
      </span>
    </div>
  </div>
</DocumentFragment>
`;
