// Jest Snapshot v1, https://goo.gl/fbAQLP

exports[`Forecast Summary renders correctly 1`] = `
<DocumentFragment>
  <div
    class="forecast-summary"
  >
    <span
      class="date"
      data-testid="date-id"
    >
      999
    </span>
    <span
      class="icon"
      data-testid="icon-id"
    >
      testIcon
    </span>
    <span
      class="max-temperature"
      data-testid="temperature-id"
    >
      68494
    </span>
    <span
      class="description"
      data-testid="description-id"
    >
      testDesc
    </span>
  </div>
</DocumentFragment>
`;
